
> florma@0.1.0 build
> next build

  â–² Next.js 14.2.32

   Creating an optimized production build ...
 âœ“ Compiled successfully
   Linting and checking validity of types ...
   Collecting page data ...
   Generating static pages (0/4) ...
   Generating static pages (1/4) 
   Generating static pages (2/4) 
   Generating static pages (3/4) 
 âœ“ Generating static pages (4/4)
   Finalizing page optimization ...
   Collecting build traces ...

Route (app)                              Size     First Load JS
â”Œ â—‹ /                                    41.6 kB         129 kB
â”” â—‹ /_not-found                          873 B            88 kB
+ First Load JS shared by all            87.1 kB
  â”œ chunks/117-d05be66e9b0ed5e8.js       31.6 kB
  â”œ chunks/fd9d1056-ac80d087d48c85e1.js  53.6 kB
  â”” other shared chunks (total)          1.89 kB


â—‹  (Static)  prerendered as static content

NEXT_BUILD_EXIT=0
buildId_exists=True
