
> florma@0.1.0 build
> next build

  ▲ Next.js 14.2.32

   Creating an optimized production build ...
 ✓ Compiled successfully
   Linting and checking validity of types ...
   Collecting page data ...
   Generating static pages (0/4) ...
   Generating static pages (1/4) 
   Generating static pages (2/4) 
   Generating static pages (3/4) 
 ✓ Generating static pages (4/4)
   Finalizing page optimization ...
   Collecting build traces ...

Route (app)                              Size     First Load JS
┌ ○ /                                    41.6 kB         129 kB
└ ○ /_not-found                          873 B            88 kB
+ First Load JS shared by all            87.1 kB
  ├ chunks/117-d05be66e9b0ed5e8.js       31.6 kB
  ├ chunks/fd9d1056-ac80d087d48c85e1.js  53.6 kB
  └ other shared chunks (total)          1.89 kB


○  (Static)  prerendered as static content

NEXT_BUILD_EXIT=0
