
C:/Users/kumar/Downloads/florma-hero/florma/actors/florma-3d-audit/node_modules/playwright-c
ore/types/protocol.d.ts
C:/Users/kumar/Downloads/florma-hero/florma/actors/florma-3d-audit/node_modules/playwright-c
ore/types/structs.d.ts
C:/Users/kumar/Downloads/florma-hero/florma/actors/florma-3d-audit/node_modules/zod/v4/core/
json-schema.d.cts
C:/Users/kumar/Downloads/florma-hero/florma/actors/florma-3d-audit/node_modules/zod/v4/core/
standard-schema.d.cts
C:/Users/kumar/Downloads/florma-hero/florma/actors/florma-3d-audit/node_modules/zod/v4/core/
registries.d.cts
C:/Users/kumar/Downloads/florma-hero/florma/actors/florma-3d-audit/node_modules/zod/v4/core/
to-json-schema.d.cts
C:/Users/kumar/Downloads/florma-hero/florma/actors/florma-3d-audit/node_modules/zod/v4/core/
util.d.cts
C:/Users/kumar/Downloads/florma-hero/florma/actors/florma-3d-audit/node_modules/zod/v4/core/
versions.d.cts
C:/Users/kumar/Downloads/florma-hero/florma/actors/florma-3d-audit/node_modules/zod/v4/core/
schemas.d.cts
C:/Users/kumar/Downloads/florma-hero/florma/actors/florma-3d-audit/node_modules/zod/v4/core/
checks.d.cts
C:/Users/kumar/Downloads/florma-hero/florma/actors/florma-3d-audit/node_modules/zod/v4/core/
errors.d.cts
C:/Users/kumar/Downloads/florma-hero/florma/actors/florma-3d-audit/node_modules/zod/v4/core/
core.d.cts
C:/Users/kumar/Downloads/florma-hero/florma/actors/florma-3d-audit/node_modules/zod/v4/core/
parse.d.cts
C:/Users/kumar/Downloads/florma-hero/florma/actors/florma-3d-audit/node_modules/zod/v4/core/
memoizer.d.cts
C:/Users/kumar/Downloads/florma-hero/florma/actors/florma-3d-audit/node_modules/zod/v4/core/
regexes.d.cts
C:/Users/kumar/Downloads/florma-hero/florma/actors/florma-3d-audit/node_modules/zod/v4/local
es/ar.d.cts
C:/Users/kumar/Downloads/florma-hero/florma/actors/florma-3d-audit/node_modules/zod/v4/local
es/az.d.cts
C:/Users/kumar/Downloads/florma-hero/florma/actors/florma-3d-audit/node_modules/zod/v4/local
es/be.d.cts
C:/Users/kumar/Downloads/florma-hero/florma/actors/florma-3d-audit/node_modules/zod/v4/local
es/bg.d.cts
C:/Users/kumar/Downloads/florma-hero/florma/actors/florma-3d-audit/node_modules/zod/v4/local
es/bn.d.cts
C:/Users/kumar/Downloads/florma-hero/florma/actors/florma-3d-audit/node_modules/zod/v4/local
es/ca.d.cts
C:/Users/kumar/Downloads/florma-hero/florma/actors/florma-3d-audit/node_modules/zod/v4/local
es/ckb.d.cts
C:/Users/kumar/Downloads/florma-hero/florma/actors/florma-3d-audit/node_modules/zod/v4/local
es/cs.d.cts
C:/Users/kumar/Downloads/florma-hero/florma/actors/florma-3d-audit/node_modules/zod/v4/local
es/da.d.cts
C:/Users/kumar/Downloads/florma-hero/florma/actors/florma-3d-audit/node_modules/zod/v4/local
es/de.d.cts
C:/Users/kumar/Downloads/florma-hero/florma/actors/florma-3d-audit/node_modules/zod/v4/local
es/el.d.cts
C:/Users/kumar/Downloads/florma-hero/florma/actors/florma-3d-audit/node_modules/zod/v4/local
es/en.d.cts
C:/Users/kumar/Downloads/florma-hero/florma/actors/florma-3d-audit/node_modules/zod/v4/local
es/eo.d.cts
C:/Users/kumar/Downloads/florma-hero/florma/actors/florma-3d-audit/node_modules/zod/v4/local
es/es.d.cts
C:/Users/kumar/Downloads/florma-hero/florma/actors/florma-3d-audit/node_modules/zod/v4/local
es/fa.d.cts
C:/Users/kumar/Downloads/florma-hero/florma/actors/florma-3d-audit/node_modules/zod/v4/local
es/fi.d.cts
C:/Users/kumar/Downloads/florma-hero/florma/actors/florma-3d-audit/node_modules/zod/v4/local
es/fr.d.cts
C:/Users/kumar/Downloads/florma-hero/florma/actors/florma-3d-audit/node_modules/zod/v4/local
es/fr-CA.d.cts
C:/Users/kumar/Downloads/florma-hero/florma/actors/florma-3d-audit/node_modules/zod/v4/local
es/gu.d.cts
C:/Users/kumar/Downloads/florma-hero/florma/actors/florma-3d-audit/node_modules/zod/v4/local
es/he.d.cts
C:/Users/kumar/Downloads/florma-hero/florma/actors/florma-3d-audit/node_modules/zod/v4/local
es/hi.d.cts
C:/Users/kumar/Downloads/florma-hero/florma/actors/florma-3d-audit/node_modules/zod/v4/local
es/hr.d.cts
C:/Users/kumar/Downloads/florma-hero/florma/actors/florma-3d-audit/node_modules/zod/v4/local
es/hu.d.cts
C:/Users/kumar/Downloads/florma-hero/florma/actors/florma-3d-audit/node_modules/zod/v4/local
es/hy.d.cts
C:/Users/kumar/Downloads/florma-hero/florma/actors/florma-3d-audit/node_modules/zod/v4/local
es/id.d.cts
C:/Users/kumar/Downloads/florma-hero/florma/actors/florma-3d-audit/node_modules/zod/v4/local
es/is.d.cts
C:/Users/kumar/Downloads/florma-hero/florma/actors/florma-3d-audit/node_modules/zod/v4/local
es/it.d.cts
C:/Users/kumar/Downloads/florma-hero/florma/actors/florma-3d-audit/node_modules/zod/v4/local
es/ja.d.cts
C:/Users/kumar/Downloads/florma-hero/florma/actors/florma-3d-audit/node_modules/zod/v4/local
es/ka.d.cts
C:/Users/kumar/Downloads/florma-hero/florma/actors/florma-3d-audit/node_modules/zod/v4/local
es/kh.d.cts
C:/Users/kumar/Downloads/florma-hero/florma/actors/florma-3d-audit/node_modules/zod/v4/local
es/km.d.cts
C:/Users/kumar/Downloads/florma-hero/florma/actors/florma-3d-audit/node_modules/zod/v4/local
es/kn.d.cts
C:/Users/kumar/Downloads/florma-hero/florma/actors/florma-3d-audit/node_modules/zod/v4/local
es/ko.d.cts
C:/Users/kumar/Downloads/florma-hero/florma/actors/florma-3d-audit/node_modules/zod/v4/local
es/lt.d.cts
C:/Users/kumar/Downloads/florma-hero/florma/actors/florma-3d-audit/node_modules/zod/v4/local
es/mk.d.cts
C:/Users/kumar/Downloads/florma-hero/florma/actors/florma-3d-audit/node_modules/zod/v4/local
es/ms.d.cts
C:/Users/kumar/Downloads/florma-hero/florma/actors/florma-3d-audit/node_modules/zod/v4/local
es/ne.d.cts
C:/Users/kumar/Downloads/florma-hero/florma/actors/florma-3d-audit/node_modules/zod/v4/local
es/nl.d.cts
C:/Users/kumar/Downloads/florma-hero/florma/actors/florma-3d-audit/node_modules/zod/v4/local
es/nn.d.cts
C:/Users/kumar/Downloads/florma-hero/florma/actors/florma-3d-audit/node_modules/zod/v4/local
es/no.d.cts
C:/Users/kumar/Downloads/florma-hero/florma/actors/florma-3d-audit/node_modules/zod/v4/local
es/ota.d.cts
C:/Users/kumar/Downloads/florma-hero/florma/actors/florma-3d-audit/node_modules/zod/v4/local
es/ps.d.cts
C:/Users/kumar/Downloads/florma-hero/florma/actors/florma-3d-audit/node_modules/zod/v4/local
es/pl.d.cts
C:/Users/kumar/Downloads/florma-hero/florma/actors/florma-3d-audit/node_modules/zod/v4/local
es/pt.d.cts
C:/Users/kumar/Downloads/florma-hero/florma/actors/florma-3d-audit/node_modules/zod/v4/local
es/pt-BR.d.cts
C:/Users/kumar/Downloads/florma-hero/florma/actors/florma-3d-audit/node_modules/zod/v4/local
es/ro.d.cts
C:/Users/kumar/Downloads/florma-hero/florma/actors/florma-3d-audit/node_modules/zod/v4/local
es/ru.d.cts
C:/Users/kumar/Downloads/florma-hero/florma/actors/florma-3d-audit/node_modules/zod/v4/local
es/sk.d.cts
C:/Users/kumar/Downloads/florma-hero/florma/actors/florma-3d-audit/node_modules/zod/v4/local
es/sl.d.cts
C:/Users/kumar/Downloads/florma-hero/florma/actors/florma-3d-audit/node_modules/zod/v4/local
es/sv.d.cts
C:/Users/kumar/Downloads/florma-hero/florma/actors/florma-3d-audit/node_modules/zod/v4/local
es/ta.d.cts
C:/Users/kumar/Downloads/florma-hero/florma/actors/florma-3d-audit/node_modules/zod/v4/local
es/tg.d.cts
C:/Users/kumar/Downloads/florma-hero/florma/actors/florma-3d-audit/node_modules/zod/v4/local
es/th.d.cts
C:/Users/kumar/Downloads/florma-hero/florma/actors/florma-3d-audit/node_modules/zod/v4/local
es/tk.d.cts
C:/Users/kumar/Downloads/florma-hero/florma/actors/florma-3d-audit/node_modules/zod/v4/local
es/tr.d.cts
C:/Users/kumar/Downloads/florma-hero/florma/actors/florma-3d-audit/node_modules/zod/v4/local
es/ua.d.cts
C:/Users/kumar/Downloads/florma-hero/florma/actors/florma-3d-audit/node_modules/zod/v4/local
es/uk.d.cts
C:/Users/kumar/Downloads/florma-hero/florma/actors/florma-3d-audit/node_modules/zod/v4/local
es/ur.d.cts
C:/Users/kumar/Downloads/florma-hero/florma/actors/florma-3d-audit/node_modules/zod/v4/local
es/uz.d.cts
C:/Users/kumar/Downloads/florma-hero/florma/actors/florma-3d-audit/node_modules/zod/v4/local
es/vi.d.cts
C:/Users/kumar/Downloads/florma-hero/florma/actors/florma-3d-audit/node_modules/zod/v4/local
es/zh-CN.d.cts
C:/Users/kumar/Downloads/florma-hero/florma/actors/florma-3d-audit/node_modules/zod/v4/local
es/zh-TW.d.cts
C:/Users/kumar/Downloads/florma-hero/florma/actors/florma-3d-audit/node_modules/zod/v4/local
es/yo.d.cts
C:/Users/kumar/Downloads/florma-hero/florma/actors/florma-3d-audit/node_modules/zod/v4/local
es/index.d.cts
C:/Users/kumar/Downloads/florma-hero/florma/actors/florma-3d-audit/node_modules/zod/v4/core/
doc.d.cts
C:/Users/kumar/Downloads/florma-hero/florma/actors/florma-3d-audit/node_modules/zod/v4/core/
compile.d.cts
C:/Users/kumar/Downloads/florma-hero/florma/actors/florma-3d-audit/node_modules/zod/v4/core/
api.d.cts
C:/Users/kumar/Downloads/florma-hero/florma/actors/florma-3d-audit/node_modules/zod/v4/core/
json-schema-processors.d.cts
C:/Users/kumar/Downloads/florma-hero/florma/actors/florma-3d-audit/node_modules/zod/v4/core/
json-schema-generator.d.cts
C:/Users/kumar/Downloads/florma-hero/florma/actors/florma-3d-audit/node_modules/zod/v4/core/
index.d.cts
C:/Users/kumar/Downloads/florma-hero/florma/actors/florma-3d-audit/node_modules/zod/v4/class
ic/errors.d.cts
C:/Users/kumar/Downloads/florma-hero/florma/actors/florma-3d-audit/node_modules/zod/v4/class
ic/parse.d.cts
C:/Users/kumar/Downloads/florma-hero/florma/actors/florma-3d-audit/node_modules/zod/v4/class
ic/schemas.d.cts
C:/Users/kumar/Downloads/florma-hero/florma/actors/florma-3d-audit/node_modules/zod/v4/class
ic/checks.d.cts
C:/Users/kumar/Downloads/florma-hero/florma/actors/florma-3d-audit/node_modules/zod/v4/class
ic/compat.d.cts
C:/Users/kumar/Downloads/florma-hero/florma/actors/florma-3d-audit/node_modules/zod/v4/class
ic/from-json-schema.d.cts
C:/Users/kumar/Downloads/florma-hero/florma/actors/florma-3d-audit/node_modules/zod/v4/class
ic/deep-partial.d.cts
C:/Users/kumar/Downloads/florma-hero/florma/actors/florma-3d-audit/node_modules/zod/v4/class
ic/in-out.d.cts
C:/Users/kumar/Downloads/florma-hero/florma/actors/florma-3d-audit/node_modules/zod/v4/class
ic/iso.d.cts
C:/Users/kumar/Downloads/florma-hero/florma/actors/florma-3d-audit/node_modules/zod/v4/class
ic/coerce.d.cts
C:/Users/kumar/Downloads/florma-hero/florma/actors/florma-3d-audit/node_modules/zod/v4/class
ic/external.d.cts
C:/Users/kumar/Downloads/florma-hero/florma/actors/florma-3d-audit/node_modules/zod/index.d.
cts
C:/Users/kumar/Downloads/florma-hero/florma/actors/florma-3d-audit/node_modules/zod/v3/helpe
rs/typeAliases.d.cts
C:/Users/kumar/Downloads/florma-hero/florma/actors/florma-3d-audit/node_modules/zod/v3/helpe
rs/util.d.cts
C:/Users/kumar/Downloads/florma-hero/florma/actors/florma-3d-audit/node_modules/zod/v3/ZodEr
ror.d.cts
C:/Users/kumar/Downloads/florma-hero/florma/actors/florma-3d-audit/node_modules/zod/v3/local
es/en.d.cts
C:/Users/kumar/Downloads/florma-hero/florma/actors/florma-3d-audit/node_modules/zod/v3/error
s.d.cts
C:/Users/kumar/Downloads/florma-hero/florma/actors/florma-3d-audit/node_modules/zod/v3/helpe
rs/parseUtil.d.cts
C:/Users/kumar/Downloads/florma-hero/florma/actors/florma-3d-audit/node_modules/zod/v3/helpe
rs/enumUtil.d.cts
C:/Users/kumar/Downloads/florma-hero/florma/actors/florma-3d-audit/node_modules/zod/v3/helpe
rs/errorUtil.d.cts
C:/Users/kumar/Downloads/florma-hero/florma/actors/florma-3d-audit/node_modules/zod/v3/helpe
rs/partialUtil.d.cts
C:/Users/kumar/Downloads/florma-hero/florma/actors/florma-3d-audit/node_modules/zod/v3/stand
ard-schema.d.cts
C:/Users/kumar/Downloads/florma-hero/florma/actors/florma-3d-audit/node_modules/zod/v3/types
.d.cts
C:/Users/kumar/Downloads/florma-hero/florma/actors/florma-3d-audit/node_modules/zod/v3/exter
nal.d.cts
C:/Users/kumar/Downloads/florma-hero/florma/actors/florma-3d-audit/node_modules/zod/v3/index
.d.cts
C:/Users/kumar/Downloads/florma-hero/florma/actors/florma-3d-audit/node_modules/playwright-c
ore/types/types.d.ts
C:/Users/kumar/Downloads/florma-hero/florma/actors/florma-3d-audit/node_modules/playwright-c
ore/index.d.ts
C:/Users/kumar/Downloads/florma-hero/florma/actors/florma-3d-audit/node_modules/playwright/i
ndex.d.ts
C:/Users/kumar/Downloads/florma-hero/florma/actors/florma-3d-audit/node_modules/@crawlee/cor
e/errors.d.ts
C:/Users/kumar/Downloads/florma-hero/florma/actors/florma-3d-audit/node_modules/@apify/log/e
sm/index.d.mts
C:/Users/kumar/Downloads/florma-hero/florma/actors/florma-3d-audit/node_modules/@crawlee/typ
es/utility-types.d.ts
C:/Users/kumar/Downloads/florma-hero/florma/actors/florma-3d-audit/node_modules/@crawlee/typ
es/storages.d.ts
C:/Users/kumar/Downloads/florma-hero/florma/actors/florma-3d-audit/node_modules/@crawlee/typ
es/browser.d.ts
C:/Users/kumar/Downloads/florma-hero/florma/actors/florma-3d-audit/node_modules/@crawlee/typ
es/index.d.ts
C:/Users/kumar/Downloads/florma-hero/florma/actors/florma-3d-audit/node_modules/@crawlee/mem
ory-storage/consts.d.ts
C:/Users/kumar/Downloads/florma-hero/florma/actors/florma-3d-audit/node_modules/@crawlee/mem
ory-storage/resource-clients/common/base-client.d.ts
C:/Users/kumar/Downloads/florma-hero/florma/actors/florma-3d-audit/node_modules/@crawlee/mem
ory-storage/resource-clients/dataset.d.ts
C:/Users/kumar/Downloads/florma-hero/florma/actors/florma-3d-audit/node_modules/@crawlee/mem
ory-storage/resource-clients/key-value-store.d.ts
C:/Users/kumar/Downloads/florma-hero/florma/actors/florma-3d-audit/node_modules/@crawlee/mem
ory-storage/resource-clients/request-queue.d.ts
C:/Users/kumar/Downloads/florma-hero/florma/actors/florma-3d-audit/node_modules/@crawlee/mem
ory-storage/memory-storage.d.ts
C:/Users/kumar/Downloads/florma-hero/florma/actors/florma-3d-audit/node_modules/@crawlee/mem
ory-storage/index.d.ts
C:/Users/kumar/Downloads/florma-hero/florma/actors/florma-3d-audit/node_modules/@vladfrangu/
async_event_emitter/dist/index.d.mts
C:/Users/kumar/Downloads/florma-hero/florma/actors/florma-3d-audit/node_modules/@apify/utili
ties/esm/index.d.mts
C:/Users/kumar/Downloads/florma-hero/florma/actors/florma-3d-audit/node_modules/@crawlee/cor
e/events/event_manager.d.ts
C:/Users/kumar/Downloads/florma-hero/florma/actors/florma-3d-audit/node_modules/@crawlee/cor
e/events/local_event_manager.d.ts
C:/Users/kumar/Downloads/florma-hero/florma/actors/florma-3d-audit/node_modules/@crawlee/cor
e/events/index.d.ts
C:/Users/kumar/Downloads/florma-hero/florma/actors/florma-3d-audit/node_modules/@crawlee/cor
e/log.d.ts
C:/Users/kumar/Downloads/florma-hero/florma/actors/florma-3d-audit/node_modules/@crawlee/cor
e/typedefs.d.ts
C:/Users/kumar/Downloads/florma-hero/florma/actors/florma-3d-audit/node_modules/@crawlee/uti
ls/internals/blocked.d.ts
C:/Users/kumar/Downloads/florma-hero/florma/actors/florma-3d-audit/node_modules/domelementty
pe/lib/esm/index.d.ts
C:/Users/kumar/Downloads/florma-hero/florma/actors/florma-3d-audit/node_modules/domhandler/l
ib/esm/node.d.ts
C:/Users/kumar/Downloads/florma-hero/florma/actors/florma-3d-audit/node_modules/domhandler/l
ib/esm/index.d.ts
C:/Users/kumar/Downloads/florma-hero/florma/actors/florma-3d-audit/node_modules/htmlparser2/
lib/esm/Tokenizer.d.ts
C:/Users/kumar/Downloads/florma-hero/florma/actors/florma-3d-audit/node_modules/htmlparser2/
lib/esm/Parser.d.ts
C:/Users/kumar/Downloads/florma-hero/florma/actors/florma-3d-audit/node_modules/dom-serializ
er/lib/esm/index.d.ts
C:/Users/kumar/Downloads/florma-hero/florma/actors/florma-3d-audit/node_modules/domutils/lib
/esm/stringify.d.ts
C:/Users/kumar/Downloads/florma-hero/florma/actors/florma-3d-audit/node_modules/domutils/lib
/esm/traversal.d.ts
C:/Users/kumar/Downloads/florma-hero/florma/actors/florma-3d-audit/node_modules/domutils/lib
/esm/manipulation.d.ts
C:/Users/kumar/Downloads/florma-hero/florma/actors/florma-3d-audit/node_modules/domutils/lib
/esm/querying.d.ts
C:/Users/kumar/Downloads/florma-hero/florma/actors/florma-3d-audit/node_modules/domutils/lib
/esm/legacy.d.ts
C:/Users/kumar/Downloads/florma-hero/florma/actors/florma-3d-audit/node_modules/domutils/lib
/esm/helpers.d.ts
C:/Users/kumar/Downloads/florma-hero/florma/actors/florma-3d-audit/node_modules/domutils/lib
/esm/feeds.d.ts
C:/Users/kumar/Downloads/florma-hero/florma/actors/florma-3d-audit/node_modules/domutils/lib
/esm/index.d.ts
C:/Users/kumar/Downloads/florma-hero/florma/actors/florma-3d-audit/node_modules/htmlparser2/
lib/esm/index.d.ts
C:/Users/kumar/Downloads/florma-hero/florma/actors/florma-3d-audit/node_modules/css-what/lib
/es/types.d.ts
C:/Users/kumar/Downloads/florma-hero/florma/actors/florma-3d-audit/node_modules/css-what/lib
/es/parse.d.ts
C:/Users/kumar/Downloads/florma-hero/florma/actors/florma-3d-audit/node_modules/css-what/lib
/es/stringify.d.ts
C:/Users/kumar/Downloads/florma-hero/florma/actors/florma-3d-audit/node_modules/css-what/lib
/es/index.d.ts
C:/Users/kumar/Downloads/florma-hero/florma/actors/florma-3d-audit/node_modules/css-select/l
ib/esm/types.d.ts
C:/Users/kumar/Downloads/florma-hero/florma/actors/florma-3d-audit/node_modules/css-select/l
ib/esm/pseudo-selectors/filters.d.ts
C:/Users/kumar/Downloads/florma-hero/florma/actors/florma-3d-audit/node_modules/css-select/l
ib/esm/pseudo-selectors/pseudos.d.ts
C:/Users/kumar/Downloads/florma-hero/florma/actors/florma-3d-audit/node_modules/css-select/l
ib/esm/pseudo-selectors/aliases.d.ts
C:/Users/kumar/Downloads/florma-hero/florma/actors/florma-3d-audit/node_modules/css-select/l
ib/esm/pseudo-selectors/index.d.ts
C:/Users/kumar/Downloads/florma-hero/florma/actors/florma-3d-audit/node_modules/css-select/l
ib/esm/index.d.ts
C:/Users/kumar/Downloads/florma-hero/florma/actors/florma-3d-audit/node_modules/cheerio-sele
ct/lib/esm/index.d.ts
C:/Users/kumar/Downloads/florma-hero/florma/actors/florma-3d-audit/node_modules/cheerio/lib/
esm/options.d.ts
C:/Users/kumar/Downloads/florma-hero/florma/actors/florma-3d-audit/node_modules/cheerio/lib/
esm/types.d.ts
C:/Users/kumar/Downloads/florma-hero/florma/actors/florma-3d-audit/node_modules/cheerio/lib/
esm/api/attributes.d.ts
C:/Users/kumar/Downloads/florma-hero/florma/actors/florma-3d-audit/node_modules/cheerio/lib/
esm/api/traversing.d.ts
C:/Users/kumar/Downloads/florma-hero/florma/actors/florma-3d-audit/node_modules/cheerio/lib/
esm/api/manipulation.d.ts
C:/Users/kumar/Downloads/florma-hero/florma/actors/florma-3d-audit/node_modules/cheerio/lib/
esm/api/css.d.ts
C:/Users/kumar/Downloads/florma-hero/florma/actors/florma-3d-audit/node_modules/cheerio/lib/
esm/api/forms.d.ts
C:/Users/kumar/Downloads/florma-hero/florma/actors/florma-3d-audit/node_modules/cheerio/lib/
esm/cheerio.d.ts
C:/Users/kumar/Downloads/florma-hero/florma/actors/florma-3d-audit/node_modules/cheerio/lib/
esm/static.d.ts
C:/Users/kumar/Downloads/florma-hero/florma/actors/florma-3d-audit/node_modules/cheerio/lib/
esm/load.d.ts
C:/Users/kumar/Downloads/florma-hero/florma/actors/florma-3d-audit/node_modules/cheerio/lib/
esm/index.d.ts
C:/Users/kumar/Downloads/florma-hero/florma/actors/florma-3d-audit/node_modules/@crawlee/uti
ls/internals/cheerio.d.ts
C:/Users/kumar/Downloads/florma-hero/florma/actors/florma-3d-audit/node_modules/@crawlee/uti
ls/internals/chunk.d.ts
C:/Users/kumar/Downloads/florma-hero/florma/actors/florma-3d-audit/node_modules/@crawlee/uti
ls/internals/extract-urls.d.ts
C:/Users/kumar/Downloads/florma-hero/florma/actors/florma-3d-audit/node_modules/@crawlee/uti
ls/internals/general.d.ts
C:/Users/kumar/Downloads/florma-hero/florma/actors/florma-3d-audit/node_modules/@crawlee/uti
ls/internals/memory-info.d.ts
C:/Users/kumar/Downloads/florma-hero/florma/actors/florma-3d-audit/node_modules/@crawlee/uti
ls/internals/debug.d.ts
C:/Users/kumar/Downloads/florma-hero/florma/actors/florma-3d-audit/node_modules/@crawlee/uti
ls/internals/social.d.ts
C:/Users/kumar/Downloads/florma-hero/florma/actors/florma-3d-audit/node_modules/@crawlee/uti
ls/internals/typedefs.d.ts
C:/Users/kumar/Downloads/florma-hero/florma/actors/florma-3d-audit/node_modules/@crawlee/uti
ls/internals/open_graph_parser.d.ts
C:/Users/kumar/Downloads/florma-hero/florma/actors/florma-3d-audit/node_modules/cacheable-lo
okup/index.d.ts
C:/Users/kumar/Downloads/florma-hero/florma/actors/florma-3d-audit/node_modules/http2-wrappe
r/node_modules/quick-lru/index.d.ts
C:/Users/kumar/Downloads/florma-hero/florma/actors/florma-3d-audit/node_modules/http2-wrappe
r/index.d.ts
C:/Users/kumar/Downloads/florma-hero/florma/actors/florma-3d-audit/node_modules/form-data-en
coder/lib/index.d.ts
C:/Users/kumar/Downloads/florma-hero/florma/actors/florma-3d-audit/node_modules/keyv/dist/in
dex.d.ts
C:/Users/kumar/Downloads/florma-hero/florma/actors/florma-3d-audit/node_modules/responselike
/index.d.ts
C:/Users/kumar/Downloads/florma-hero/florma/actors/florma-3d-audit/node_modules/p-cancelable
/index.d.ts
C:/Users/kumar/Downloads/florma-hero/florma/actors/florma-3d-audit/node_modules/got/dist/sou
rce/core/utils/timer.d.ts
C:/Users/kumar/Downloads/florma-hero/florma/actors/florma-3d-audit/node_modules/got/dist/sou
rce/core/timed-out.d.ts
C:/Users/kumar/Downloads/florma-hero/florma/actors/florma-3d-audit/node_modules/got/dist/sou
rce/core/index.d.ts
C:/Users/kumar/Downloads/florma-hero/florma/actors/florma-3d-audit/node_modules/got/dist/sou
rce/core/response.d.ts
C:/Users/kumar/Downloads/florma-hero/florma/actors/florma-3d-audit/node_modules/got/dist/sou
rce/core/errors.d.ts
C:/Users/kumar/Downloads/florma-hero/florma/actors/florma-3d-audit/node_modules/got/dist/sou
rce/as-promise/types.d.ts
C:/Users/kumar/Downloads/florma-hero/florma/actors/florma-3d-audit/node_modules/got/dist/sou
rce/core/options.d.ts
C:/Users/kumar/Downloads/florma-hero/florma/actors/florma-3d-audit/node_modules/got/dist/sou
rce/core/diagnostics-channel.d.ts
C:/Users/kumar/Downloads/florma-hero/florma/actors/florma-3d-audit/node_modules/got/dist/sou
rce/core/calculate-retry-delay.d.ts
C:/Users/kumar/Downloads/florma-hero/florma/actors/florma-3d-audit/node_modules/type-fest/so
urce/primitive.d.ts
C:/Users/kumar/Downloads/florma-hero/florma/actors/florma-3d-audit/node_modules/type-fest/so
urce/typed-array.d.ts
C:/Users/kumar/Downloads/florma-hero/florma/actors/florma-3d-audit/node_modules/type-fest/so
urce/basic.d.ts
C:/Users/kumar/Downloads/florma-hero/florma/actors/florma-3d-audit/node_modules/type-fest/so
urce/observable-like.d.ts
C:/Users/kumar/Downloads/florma-hero/florma/actors/florma-3d-audit/node_modules/type-fest/so
urce/union-to-intersection.d.ts
C:/Users/kumar/Downloads/florma-hero/florma/actors/florma-3d-audit/node_modules/type-fest/so
urce/keys-of-union.d.ts
C:/Users/kumar/Downloads/florma-hero/florma/actors/florma-3d-audit/node_modules/type-fest/so
urce/distributed-omit.d.ts
C:/Users/kumar/Downloads/florma-hero/florma/actors/florma-3d-audit/node_modules/type-fest/so
urce/distributed-pick.d.ts
C:/Users/kumar/Downloads/florma-hero/florma/actors/florma-3d-audit/node_modules/type-fest/so
urce/empty-object.d.ts
C:/Users/kumar/Downloads/florma-hero/florma/actors/florma-3d-audit/node_modules/type-fest/so
urce/if-empty-object.d.ts
C:/Users/kumar/Downloads/florma-hero/florma/actors/florma-3d-audit/node_modules/type-fest/so
urce/optional-keys-of.d.ts
C:/Users/kumar/Downloads/florma-hero/florma/actors/florma-3d-audit/node_modules/type-fest/so
urce/required-keys-of.d.ts
C:/Users/kumar/Downloads/florma-hero/florma/actors/florma-3d-audit/node_modules/type-fest/so
urce/has-required-keys.d.ts
C:/Users/kumar/Downloads/florma-hero/florma/actors/florma-3d-audit/node_modules/type-fest/so
urce/is-never.d.ts
C:/Users/kumar/Downloads/florma-hero/florma/actors/florma-3d-audit/node_modules/type-fest/so
urce/if-never.d.ts
C:/Users/kumar/Downloads/florma-hero/florma/actors/florma-3d-audit/node_modules/type-fest/so
urce/unknown-array.d.ts
C:/Users/kumar/Downloads/florma-hero/florma/actors/florma-3d-audit/node_modules/type-fest/so
urce/internal/array.d.ts
C:/Users/kumar/Downloads/florma-hero/florma/actors/florma-3d-audit/node_modules/type-fest/so
urce/internal/characters.d.ts
C:/Users/kumar/Downloads/florma-hero/florma/actors/florma-3d-audit/node_modules/type-fest/so
urce/is-any.d.ts
C:/Users/kumar/Downloads/florma-hero/florma/actors/florma-3d-audit/node_modules/type-fest/so
urce/is-float.d.ts
C:/Users/kumar/Downloads/florma-hero/florma/actors/florma-3d-audit/node_modules/type-fest/so
urce/is-integer.d.ts
C:/Users/kumar/Downloads/florma-hero/florma/actors/florma-3d-audit/node_modules/type-fest/so
urce/numeric.d.ts
C:/Users/kumar/Downloads/florma-hero/florma/actors/florma-3d-audit/node_modules/type-fest/so
urce/is-literal.d.ts
C:/Users/kumar/Downloads/florma-hero/florma/actors/florma-3d-audit/node_modules/type-fest/so
urce/trim.d.ts
C:/Users/kumar/Downloads/florma-hero/florma/actors/florma-3d-audit/node_modules/type-fest/so
urce/is-equal.d.ts
C:/Users/kumar/Downloads/florma-hero/florma/actors/florma-3d-audit/node_modules/type-fest/so
urce/and.d.ts
C:/Users/kumar/Downloads/florma-hero/florma/actors/florma-3d-audit/node_modules/type-fest/so
urce/or.d.ts
C:/Users/kumar/Downloads/florma-hero/florma/actors/florma-3d-audit/node_modules/type-fest/so
urce/greater-than.d.ts
C:/Users/kumar/Downloads/florma-hero/florma/actors/florma-3d-audit/node_modules/type-fest/so
urce/greater-than-or-equal.d.ts
C:/Users/kumar/Downloads/florma-hero/florma/actors/florma-3d-audit/node_modules/type-fest/so
urce/less-than.d.ts
C:/Users/kumar/Downloads/florma-hero/florma/actors/florma-3d-audit/node_modules/type-fest/so
urce/internal/tuple.d.ts
C:/Users/kumar/Downloads/florma-hero/florma/actors/florma-3d-audit/node_modules/type-fest/so
urce/internal/string.d.ts
C:/Users/kumar/Downloads/florma-hero/florma/actors/florma-3d-audit/node_modules/type-fest/so
urce/internal/keys.d.ts
C:/Users/kumar/Downloads/florma-hero/florma/actors/florma-3d-audit/node_modules/type-fest/so
urce/internal/numeric.d.ts
C:/Users/kumar/Downloads/florma-hero/florma/actors/florma-3d-audit/node_modules/type-fest/so
urce/simplify.d.ts
C:/Users/kumar/Downloads/florma-hero/florma/actors/florma-3d-audit/node_modules/type-fest/so
urce/omit-index-signature.d.ts
C:/Users/kumar/Downloads/florma-hero/florma/actors/florma-3d-audit/node_modules/type-fest/so
urce/pick-index-signature.d.ts
C:/Users/kumar/Downloads/florma-hero/florma/actors/florma-3d-audit/node_modules/type-fest/so
urce/merge.d.ts
C:/Users/kumar/Downloads/florma-hero/florma/actors/florma-3d-audit/node_modules/type-fest/so
urce/if-any.d.ts
C:/Users/kumar/Downloads/florma-hero/florma/actors/florma-3d-audit/node_modules/type-fest/so
urce/internal/type.d.ts
C:/Users/kumar/Downloads/florma-hero/florma/actors/florma-3d-audit/node_modules/type-fest/so
urce/internal/object.d.ts
C:/Users/kumar/Downloads/florma-hero/florma/actors/florma-3d-audit/node_modules/type-fest/so
urce/internal/index.d.ts
C:/Users/kumar/Downloads/florma-hero/florma/actors/florma-3d-audit/node_modules/type-fest/so
urce/except.d.ts
C:/Users/kumar/Downloads/florma-hero/florma/actors/florma-3d-audit/node_modules/type-fest/so
urce/require-at-least-one.d.ts
C:/Users/kumar/Downloads/florma-hero/florma/actors/florma-3d-audit/node_modules/type-fest/so
urce/non-empty-object.d.ts
C:/Users/kumar/Downloads/florma-hero/florma/actors/florma-3d-audit/node_modules/type-fest/so
urce/non-empty-string.d.ts
C:/Users/kumar/Downloads/florma-hero/florma/actors/florma-3d-audit/node_modules/type-fest/so
urce/unknown-record.d.ts
C:/Users/kumar/Downloads/florma-hero/florma/actors/florma-3d-audit/node_modules/type-fest/so
urce/unknown-set.d.ts
C:/Users/kumar/Downloads/florma-hero/florma/actors/florma-3d-audit/node_modules/type-fest/so
urce/unknown-map.d.ts
C:/Users/kumar/Downloads/florma-hero/florma/actors/florma-3d-audit/node_modules/type-fest/so
urce/tagged-union.d.ts
C:/Users/kumar/Downloads/florma-hero/florma/actors/florma-3d-audit/node_modules/type-fest/so
urce/writable.d.ts
C:/Users/kumar/Downloads/florma-hero/florma/actors/florma-3d-audit/node_modules/type-fest/so
urce/writable-deep.d.ts
C:/Users/kumar/Downloads/florma-hero/florma/actors/florma-3d-audit/node_modules/type-fest/so
urce/conditional-simplify.d.ts
C:/Users/kumar/Downloads/florma-hero/florma/actors/florma-3d-audit/node_modules/type-fest/so
urce/non-empty-tuple.d.ts
C:/Users/kumar/Downloads/florma-hero/florma/actors/florma-3d-audit/node_modules/type-fest/so
urce/array-tail.d.ts
C:/Users/kumar/Downloads/florma-hero/florma/actors/florma-3d-audit/node_modules/type-fest/so
urce/enforce-optional.d.ts
C:/Users/kumar/Downloads/florma-hero/florma/actors/florma-3d-audit/node_modules/type-fest/so
urce/simplify-deep.d.ts
C:/Users/kumar/Downloads/florma-hero/florma/actors/florma-3d-audit/node_modules/type-fest/so
urce/merge-deep.d.ts
C:/Users/kumar/Downloads/florma-hero/florma/actors/florma-3d-audit/node_modules/type-fest/so
urce/merge-exclusive.d.ts
C:/Users/kumar/Downloads/florma-hero/florma/actors/florma-3d-audit/node_modules/type-fest/so
urce/require-exactly-one.d.ts
C:/Users/kumar/Downloads/florma-hero/florma/actors/florma-3d-audit/node_modules/type-fest/so
urce/require-all-or-none.d.ts
C:/Users/kumar/Downloads/florma-hero/florma/actors/florma-3d-audit/node_modules/type-fest/so
urce/require-one-or-none.d.ts
C:/Users/kumar/Downloads/florma-hero/florma/actors/florma-3d-audit/node_modules/type-fest/so
urce/single-key-object.d.ts
C:/Users/kumar/Downloads/florma-hero/florma/actors/florma-3d-audit/node_modules/type-fest/so
urce/partial-deep.d.ts
C:/Users/kumar/Downloads/florma-hero/florma/actors/florma-3d-audit/node_modules/type-fest/so
urce/required-deep.d.ts
C:/Users/kumar/Downloads/florma-hero/florma/actors/florma-3d-audit/node_modules/type-fest/so
urce/subtract.d.ts
C:/Users/kumar/Downloads/florma-hero/florma/actors/florma-3d-audit/node_modules/type-fest/so
urce/paths.d.ts
C:/Users/kumar/Downloads/florma-hero/florma/actors/florma-3d-audit/node_modules/type-fest/so
urce/pick-deep.d.ts
C:/Users/kumar/Downloads/florma-hero/florma/actors/florma-3d-audit/node_modules/type-fest/so
urce/array-splice.d.ts
C:/Users/kumar/Downloads/florma-hero/florma/actors/florma-3d-audit/node_modules/type-fest/so
urce/literal-union.d.ts
C:/Users/kumar/Downloads/florma-hero/florma/actors/florma-3d-audit/node_modules/type-fest/so
urce/union-to-tuple.d.ts
C:/Users/kumar/Downloads/florma-hero/florma/actors/florma-3d-audit/node_modules/type-fest/so
urce/omit-deep.d.ts
C:/Users/kumar/Downloads/florma-hero/florma/actors/florma-3d-audit/node_modules/type-fest/so
urce/is-null.d.ts
C:/Users/kumar/Downloads/florma-hero/florma/actors/florma-3d-audit/node_modules/type-fest/so
urce/is-unknown.d.ts
C:/Users/kumar/Downloads/florma-hero/florma/actors/florma-3d-audit/node_modules/type-fest/so
urce/if-unknown.d.ts
C:/Users/kumar/Downloads/florma-hero/florma/actors/florma-3d-audit/node_modules/type-fest/so
urce/partial-on-undefined-deep.d.ts
C:/Users/kumar/Downloads/florma-hero/florma/actors/florma-3d-audit/node_modules/type-fest/so
urce/undefined-on-partial-deep.d.ts
C:/Users/kumar/Downloads/florma-hero/florma/actors/florma-3d-audit/node_modules/type-fest/so
urce/readonly-deep.d.ts
C:/Users/kumar/Downloads/florma-hero/florma/actors/florma-3d-audit/node_modules/type-fest/so
urce/promisable.d.ts
C:/Users/kumar/Downloads/florma-hero/florma/actors/florma-3d-audit/node_modules/type-fest/so
urce/arrayable.d.ts
C:/Users/kumar/Downloads/florma-hero/florma/actors/florma-3d-audit/node_modules/type-fest/so
urce/tagged.d.ts
C:/Users/kumar/Downloads/florma-hero/florma/actors/florma-3d-audit/node_modules/type-fest/so
urce/invariant-of.d.ts
C:/Users/kumar/Downloads/florma-hero/florma/actors/florma-3d-audit/node_modules/type-fest/so
urce/set-optional.d.ts
C:/Users/kumar/Downloads/florma-hero/florma/actors/florma-3d-audit/node_modules/type-fest/so
urce/set-readonly.d.ts
C:/Users/kumar/Downloads/florma-hero/florma/actors/florma-3d-audit/node_modules/type-fest/so
urce/set-required.d.ts
C:/Users/kumar/Downloads/florma-hero/florma/actors/florma-3d-audit/node_modules/type-fest/so
urce/set-required-deep.d.ts
C:/Users/kumar/Downloads/florma-hero/florma/actors/florma-3d-audit/node_modules/type-fest/so
urce/set-non-nullable.d.ts
C:/Users/kumar/Downloads/florma-hero/florma/actors/florma-3d-audit/node_modules/type-fest/so
urce/set-non-nullable-deep.d.ts
C:/Users/kumar/Downloads/florma-hero/florma/actors/florma-3d-audit/node_modules/type-fest/so
urce/value-of.d.ts
C:/Users/kumar/Downloads/florma-hero/florma/actors/florma-3d-audit/node_modules/type-fest/so
urce/async-return-type.d.ts
C:/Users/kumar/Downloads/florma-hero/florma/actors/florma-3d-audit/node_modules/type-fest/so
urce/conditional-keys.d.ts
C:/Users/kumar/Downloads/florma-hero/florma/actors/florma-3d-audit/node_modules/type-fest/so
urce/conditional-except.d.ts
C:/Users/kumar/Downloads/florma-hero/florma/actors/florma-3d-audit/node_modules/type-fest/so
urce/conditional-pick.d.ts
C:/Users/kumar/Downloads/florma-hero/florma/actors/florma-3d-audit/node_modules/type-fest/so
urce/conditional-pick-deep.d.ts
C:/Users/kumar/Downloads/florma-hero/florma/actors/florma-3d-audit/node_modules/type-fest/so
urce/stringified.d.ts
C:/Users/kumar/Downloads/florma-hero/florma/actors/florma-3d-audit/node_modules/type-fest/so
urce/join.d.ts
C:/Users/kumar/Downloads/florma-hero/florma/actors/florma-3d-audit/node_modules/type-fest/so
urce/sum.d.ts
C:/Users/kumar/Downloads/florma-hero/florma/actors/florma-3d-audit/node_modules/type-fest/so
urce/less-than-or-equal.d.ts
C:/Users/kumar/Downloads/florma-hero/florma/actors/florma-3d-audit/node_modules/type-fest/so
urce/array-slice.d.ts
C:/Users/kumar/Downloads/florma-hero/florma/actors/florma-3d-audit/node_modules/type-fest/so
urce/string-slice.d.ts
C:/Users/kumar/Downloads/florma-hero/florma/actors/florma-3d-audit/node_modules/type-fest/so
urce/fixed-length-array.d.ts
C:/Users/kumar/Downloads/florma-hero/florma/actors/florma-3d-audit/node_modules/type-fest/so
urce/multidimensional-array.d.ts
C:/Users/kumar/Downloads/florma-hero/florma/actors/florma-3d-audit/node_modules/type-fest/so
urce/multidimensional-readonly-array.d.ts
C:/Users/kumar/Downloads/florma-hero/florma/actors/florma-3d-audit/node_modules/type-fest/so
urce/iterable-element.d.ts
C:/Users/kumar/Downloads/florma-hero/florma/actors/florma-3d-audit/node_modules/type-fest/so
urce/entry.d.ts
C:/Users/kumar/Downloads/florma-hero/florma/actors/florma-3d-audit/node_modules/type-fest/so
urce/entries.d.ts
C:/Users/kumar/Downloads/florma-hero/florma/actors/florma-3d-audit/node_modules/type-fest/so
urce/set-return-type.d.ts
C:/Users/kumar/Downloads/florma-hero/florma/actors/florma-3d-audit/node_modules/type-fest/so
urce/set-parameter-type.d.ts
C:/Users/kumar/Downloads/florma-hero/florma/actors/florma-3d-audit/node_modules/type-fest/so
urce/asyncify.d.ts
C:/Users/kumar/Downloads/florma-hero/florma/actors/florma-3d-audit/node_modules/type-fest/so
urce/jsonify.d.ts
C:/Users/kumar/Downloads/florma-hero/florma/actors/florma-3d-audit/node_modules/type-fest/so
urce/jsonifiable.d.ts
C:/Users/kumar/Downloads/florma-hero/florma/actors/florma-3d-audit/node_modules/type-fest/so
urce/find-global-type.d.ts
C:/Users/kumar/Downloads/florma-hero/florma/actors/florma-3d-audit/node_modules/type-fest/so
urce/structured-cloneable.d.ts
C:/Users/kumar/Downloads/florma-hero/florma/actors/florma-3d-audit/node_modules/type-fest/so
urce/schema.d.ts
C:/Users/kumar/Downloads/florma-hero/florma/actors/florma-3d-audit/node_modules/type-fest/so
urce/literal-to-primitive.d.ts
C:/Users/kumar/Downloads/florma-hero/florma/actors/florma-3d-audit/node_modules/type-fest/so
urce/literal-to-primitive-deep.d.ts
C:/Users/kumar/Downloads/florma-hero/florma/actors/florma-3d-audit/node_modules/type-fest/so
urce/string-key-of.d.ts
C:/Users/kumar/Downloads/florma-hero/florma/actors/florma-3d-audit/node_modules/type-fest/so
urce/exact.d.ts
C:/Users/kumar/Downloads/florma-hero/florma/actors/florma-3d-audit/node_modules/type-fest/so
urce/readonly-tuple.d.ts
C:/Users/kumar/Downloads/florma-hero/florma/actors/florma-3d-audit/node_modules/type-fest/so
urce/override-properties.d.ts
C:/Users/kumar/Downloads/florma-hero/florma/actors/florma-3d-audit/node_modules/type-fest/so
urce/has-optional-keys.d.ts
C:/Users/kumar/Downloads/florma-hero/florma/actors/florma-3d-audit/node_modules/type-fest/so
urce/writable-keys-of.d.ts
C:/Users/kumar/Downloads/florma-hero/florma/actors/florma-3d-audit/node_modules/type-fest/so
urce/readonly-keys-of.d.ts
C:/Users/kumar/Downloads/florma-hero/florma/actors/florma-3d-audit/node_modules/type-fest/so
urce/has-readonly-keys.d.ts
C:/Users/kumar/Downloads/florma-hero/florma/actors/florma-3d-audit/node_modules/type-fest/so
urce/has-writable-keys.d.ts
C:/Users/kumar/Downloads/florma-hero/florma/actors/florma-3d-audit/node_modules/type-fest/so
urce/spread.d.ts
C:/Users/kumar/Downloads/florma-hero/florma/actors/florma-3d-audit/node_modules/type-fest/so
urce/is-tuple.d.ts
C:/Users/kumar/Downloads/florma-hero/florma/actors/florma-3d-audit/node_modules/type-fest/so
urce/tuple-to-object.d.ts
C:/Users/kumar/Downloads/florma-hero/florma/actors/florma-3d-audit/node_modules/type-fest/so
urce/tuple-to-union.d.ts
C:/Users/kumar/Downloads/florma-hero/florma/actors/florma-3d-audit/node_modules/type-fest/so
urce/int-range.d.ts
C:/Users/kumar/Downloads/florma-hero/florma/actors/florma-3d-audit/node_modules/type-fest/so
urce/int-closed-range.d.ts
C:/Users/kumar/Downloads/florma-hero/florma/actors/florma-3d-audit/node_modules/type-fest/so
urce/array-indices.d.ts
C:/Users/kumar/Downloads/florma-hero/florma/actors/florma-3d-audit/node_modules/type-fest/so
urce/array-values.d.ts
C:/Users/kumar/Downloads/florma-hero/florma/actors/florma-3d-audit/node_modules/type-fest/so
urce/set-field-type.d.ts
C:/Users/kumar/Downloads/florma-hero/florma/actors/florma-3d-audit/node_modules/type-fest/so
urce/shared-union-fields.d.ts
C:/Users/kumar/Downloads/florma-hero/florma/actors/florma-3d-audit/node_modules/type-fest/so
urce/all-union-fields.d.ts
C:/Users/kumar/Downloads/florma-hero/florma/actors/florma-3d-audit/node_modules/type-fest/so
urce/shared-union-fields-deep.d.ts
C:/Users/kumar/Downloads/florma-hero/florma/actors/florma-3d-audit/node_modules/type-fest/so
urce/if-null.d.ts
C:/Users/kumar/Downloads/florma-hero/florma/actors/florma-3d-audit/node_modules/type-fest/so
urce/words.d.ts
C:/Users/kumar/Downloads/florma-hero/florma/actors/florma-3d-audit/node_modules/type-fest/so
urce/camel-case.d.ts
C:/Users/kumar/Downloads/florma-hero/florma/actors/florma-3d-audit/node_modules/type-fest/so
urce/camel-cased-properties.d.ts
C:/Users/kumar/Downloads/florma-hero/florma/actors/florma-3d-audit/node_modules/type-fest/so
urce/camel-cased-properties-deep.d.ts
C:/Users/kumar/Downloads/florma-hero/florma/actors/florma-3d-audit/node_modules/type-fest/so
urce/delimiter-case.d.ts
C:/Users/kumar/Downloads/florma-hero/florma/actors/florma-3d-audit/node_modules/type-fest/so
urce/kebab-case.d.ts
C:/Users/kumar/Downloads/florma-hero/florma/actors/florma-3d-audit/node_modules/type-fest/so
urce/delimiter-cased-properties.d.ts
C:/Users/kumar/Downloads/florma-hero/florma/actors/florma-3d-audit/node_modules/type-fest/so
urce/kebab-cased-properties.d.ts
C:/Users/kumar/Downloads/florma-hero/florma/actors/florma-3d-audit/node_modules/type-fest/so
urce/delimiter-cased-properties-deep.d.ts
C:/Users/kumar/Downloads/florma-hero/florma/actors/florma-3d-audit/node_modules/type-fest/so
urce/kebab-cased-properties-deep.d.ts
C:/Users/kumar/Downloads/florma-hero/florma/actors/florma-3d-audit/node_modules/type-fest/so
urce/pascal-case.d.ts
C:/Users/kumar/Downloads/florma-hero/florma/actors/florma-3d-audit/node_modules/type-fest/so
urce/pascal-cased-properties.d.ts
C:/Users/kumar/Downloads/florma-hero/florma/actors/florma-3d-audit/node_modules/type-fest/so
urce/pascal-cased-properties-deep.d.ts
C:/Users/kumar/Downloads/florma-hero/florma/actors/florma-3d-audit/node_modules/type-fest/so
urce/snake-case.d.ts
C:/Users/kumar/Downloads/florma-hero/florma/actors/florma-3d-audit/node_modules/type-fest/so
urce/snake-cased-properties.d.ts
C:/Users/kumar/Downloads/florma-hero/florma/actors/florma-3d-audit/node_modules/type-fest/so
urce/snake-cased-properties-deep.d.ts
C:/Users/kumar/Downloads/florma-hero/florma/actors/florma-3d-audit/node_modules/type-fest/so
urce/screaming-snake-case.d.ts
C:/Users/kumar/Downloads/florma-hero/florma/actors/florma-3d-audit/node_modules/type-fest/so
urce/split.d.ts
C:/Users/kumar/Downloads/florma-hero/florma/actors/florma-3d-audit/node_modules/type-fest/so
urce/replace.d.ts
C:/Users/kumar/Downloads/florma-hero/florma/actors/florma-3d-audit/node_modules/type-fest/so
urce/string-repeat.d.ts
C:/Users/kumar/Downloads/florma-hero/florma/actors/florma-3d-audit/node_modules/type-fest/so
urce/includes.d.ts
C:/Users/kumar/Downloads/florma-hero/florma/actors/florma-3d-audit/node_modules/type-fest/so
urce/get.d.ts
C:/Users/kumar/Downloads/florma-hero/florma/actors/florma-3d-audit/node_modules/type-fest/so
urce/last-array-element.d.ts
C:/Users/kumar/Downloads/florma-hero/florma/actors/florma-3d-audit/node_modules/type-fest/so
urce/global-this.d.ts
C:/Users/kumar/Downloads/florma-hero/florma/actors/florma-3d-audit/node_modules/type-fest/so
urce/package-json.d.ts
C:/Users/kumar/Downloads/florma-hero/florma/actors/florma-3d-audit/node_modules/type-fest/so
urce/tsconfig-json.d.ts
C:/Users/kumar/Downloads/florma-hero/florma/actors/florma-3d-audit/node_modules/type-fest/in
dex.d.ts
C:/Users/kumar/Downloads/florma-hero/florma/actors/florma-3d-audit/node_modules/got/dist/sou
rce/types.d.ts
C:/Users/kumar/Downloads/florma-hero/florma/actors/florma-3d-audit/node_modules/got/dist/sou
rce/create.d.ts
C:/Users/kumar/Downloads/florma-hero/florma/actors/florma-3d-audit/node_modules/got/dist/sou
rce/core/parse-link-header.d.ts
C:/Users/kumar/Downloads/florma-hero/florma/actors/florma-3d-audit/node_modules/got/dist/sou
rce/index.d.ts
C:/Users/kumar/Downloads/florma-hero/florma/actors/florma-3d-audit/node_modules/got-scraping
/dist/index.d.ts
C:/Users/kumar/Downloads/florma-hero/florma/actors/florma-3d-audit/node_modules/@crawlee/uti
ls/internals/gotScraping.d.ts
C:/Users/kumar/Downloads/florma-hero/florma/actors/florma-3d-audit/node_modules/@crawlee/uti
ls/internals/iterables.d.ts
C:/Users/kumar/Downloads/florma-hero/florma/actors/florma-3d-audit/node_modules/@crawlee/uti
ls/internals/url.d.ts
C:/Users/kumar/Downloads/florma-hero/florma/actors/florma-3d-audit/node_modules/@crawlee/uti
ls/internals/sitemap.d.ts
C:/Users/kumar/Downloads/florma-hero/florma/actors/florma-3d-audit/node_modules/@crawlee/uti
ls/internals/robots.d.ts
C:/Users/kumar/Downloads/florma-hero/florma/actors/florma-3d-audit/node_modules/@crawlee/uti
ls/internals/systemInfoV2/cpu-info.d.ts
C:/Users/kumar/Downloads/florma-hero/florma/actors/florma-3d-audit/node_modules/@crawlee/uti
ls/internals/systemInfoV2/memory-info.d.ts
C:/Users/kumar/Downloads/florma-hero/florma/actors/florma-3d-audit/node_modules/@crawlee/uti
ls/index.d.ts
C:/Users/kumar/Downloads/florma-hero/florma/actors/florma-3d-audit/node_modules/@crawlee/cor
e/enqueue_links/shared.d.ts
C:/Users/kumar/Downloads/florma-hero/florma/actors/florma-3d-audit/node_modules/@crawlee/cor
e/enqueue_links/enqueue_links.d.ts
C:/Users/kumar/Downloads/florma-hero/florma/actors/florma-3d-audit/node_modules/@crawlee/cor
e/request.d.ts
C:/Users/kumar/Downloads/florma-hero/florma/actors/florma-3d-audit/node_modules/@crawlee/cor
e/proxy_configuration.d.ts
C:/Users/kumar/Downloads/florma-hero/florma/actors/florma-3d-audit/node_modules/@crawlee/cor
e/storages/storage_manager.d.ts
C:/Users/kumar/Downloads/florma-hero/florma/actors/florma-3d-audit/node_modules/@crawlee/cor
e/storages/dataset.d.ts
C:/Users/kumar/Downloads/florma-hero/florma/actors/florma-3d-audit/node_modules/@crawlee/cor
e/storages/key_value_store.d.ts
C:/Users/kumar/Downloads/florma-hero/florma/actors/florma-3d-audit/node_modules/@crawlee/cor
e/storages/request_list.d.ts
C:/Users/kumar/Downloads/florma-hero/florma/actors/florma-3d-audit/node_modules/@apify/datas
tructures/esm/index.d.mts
C:/Users/kumar/Downloads/florma-hero/florma/actors/florma-3d-audit/node_modules/@crawlee/cor
e/storages/request_dedup_cache.d.ts
C:/Users/kumar/Downloads/florma-hero/florma/actors/florma-3d-audit/node_modules/@crawlee/cor
e/storages/request_provider.d.ts
C:/Users/kumar/Downloads/florma-hero/florma/actors/florma-3d-audit/node_modules/@crawlee/cor
e/storages/request_list_adapter.d.ts
C:/Users/kumar/Downloads/florma-hero/florma/actors/florma-3d-audit/node_modules/@crawlee/cor
e/storages/request_queue.d.ts
C:/Users/kumar/Downloads/florma-hero/florma/actors/florma-3d-audit/node_modules/@crawlee/cor
e/storages/request_queue_v2.d.ts
C:/Users/kumar/Downloads/florma-hero/florma/actors/florma-3d-audit/node_modules/@crawlee/cor
e/storages/utils.d.ts
C:/Users/kumar/Downloads/florma-hero/florma/actors/florma-3d-audit/node_modules/@crawlee/cor
e/storages/access_checking.d.ts
C:/Users/kumar/Downloads/florma-hero/florma/actors/florma-3d-audit/node_modules/@crawlee/cor
e/enqueue_links/index.d.ts
C:/Users/kumar/Downloads/florma-hero/florma/actors/florma-3d-audit/node_modules/@crawlee/cor
e/storages/sitemap_request_list.d.ts
C:/Users/kumar/Downloads/florma-hero/florma/actors/florma-3d-audit/node_modules/@crawlee/cor
e/storages/request_manager_tandem.d.ts
C:/Users/kumar/Downloads/florma-hero/florma/actors/florma-3d-audit/node_modules/@crawlee/cor
e/storages/index.d.ts
C:/Users/kumar/Downloads/florma-hero/florma/actors/florma-3d-audit/node_modules/@crawlee/cor
e/configuration.d.ts
C:/Users/kumar/Downloads/florma-hero/florma/actors/florma-3d-audit/node_modules/@crawlee/cor
e/autoscaling/system_status.d.ts
C:/Users/kumar/Downloads/florma-hero/florma/actors/florma-3d-audit/node_modules/@crawlee/cor
e/autoscaling/load_signal.d.ts
C:/Users/kumar/Downloads/florma-hero/florma/actors/florma-3d-audit/node_modules/@crawlee/cor
e/autoscaling/client_load_signal.d.ts
C:/Users/kumar/Downloads/florma-hero/florma/actors/florma-3d-audit/node_modules/@crawlee/cor
e/autoscaling/cpu_load_signal.d.ts
C:/Users/kumar/Downloads/florma-hero/florma/actors/florma-3d-audit/node_modules/@crawlee/cor
e/autoscaling/event_loop_load_signal.d.ts
C:/Users/kumar/Downloads/florma-hero/florma/actors/florma-3d-audit/node_modules/@crawlee/cor
e/autoscaling/memory_load_signal.d.ts
C:/Users/kumar/Downloads/florma-hero/florma/actors/florma-3d-audit/node_modules/@crawlee/cor
e/autoscaling/snapshotter.d.ts
C:/Users/kumar/Downloads/florma-hero/florma/actors/florma-3d-audit/node_modules/@crawlee/cor
e/autoscaling/autoscaled_pool.d.ts
C:/Users/kumar/Downloads/florma-hero/florma/actors/florma-3d-audit/node_modules/@crawlee/cor
e/autoscaling/index.d.ts
C:/Users/kumar/Downloads/florma-hero/florma/actors/florma-3d-audit/node_modules/tough-cookie
/dist/index.d.ts
C:/Users/kumar/Downloads/florma-hero/florma/actors/florma-3d-audit/node_modules/@crawlee/cor
e/cookie_utils.d.ts
C:/Users/kumar/Downloads/florma-hero/florma/actors/florma-3d-audit/node_modules/@crawlee/cor
e/crawlers/error_snapshotter.d.ts
C:/Users/kumar/Downloads/florma-hero/florma/actors/florma-3d-audit/node_modules/@crawlee/cor
e/crawlers/error_tracker.d.ts
C:/Users/kumar/Downloads/florma-hero/florma/actors/florma-3d-audit/node_modules/@crawlee/cor
e/crawlers/statistics.d.ts
C:/Users/kumar/Downloads/florma-hero/florma/actors/florma-3d-audit/node_modules/@crawlee/cor
e/session_pool/session_pool.d.ts
C:/Users/kumar/Downloads/florma-hero/florma/actors/florma-3d-audit/node_modules/@crawlee/cor
e/session_pool/session.d.ts
C:/Users/kumar/Downloads/florma-hero/florma/actors/florma-3d-audit/node_modules/@crawlee/cor
e/crawlers/crawler_commons.d.ts
C:/Users/kumar/Downloads/florma-hero/florma/actors/florma-3d-audit/node_modules/@crawlee/cor
e/crawlers/crawler_extension.d.ts
C:/Users/kumar/Downloads/florma-hero/florma/actors/florma-3d-audit/node_modules/@crawlee/cor
e/crawlers/crawler_utils.d.ts
C:/Users/kumar/Downloads/florma-hero/florma/actors/florma-3d-audit/node_modules/@crawlee/cor
e/crawlers/index.d.ts
C:/Users/kumar/Downloads/florma-hero/florma/actors/florma-3d-audit/node_modules/@crawlee/cor
e/http_clients/form-data-like.d.ts
C:/Users/kumar/Downloads/florma-hero/florma/actors/florma-3d-audit/node_modules/@crawlee/cor
e/http_clients/base-http-client.d.ts
C:/Users/kumar/Downloads/florma-hero/florma/actors/florma-3d-audit/node_modules/@crawlee/cor
e/http_clients/got-scraping-http-client.d.ts
C:/Users/kumar/Downloads/florma-hero/florma/actors/florma-3d-audit/node_modules/@crawlee/cor
e/http_clients/index.d.ts
C:/Users/kumar/Downloads/florma-hero/florma/actors/florma-3d-audit/node_modules/@standard-sc
hema/spec/dist/index.d.ts
C:/Users/kumar/Downloads/florma-hero/florma/actors/florma-3d-audit/node_modules/@crawlee/cor
e/router.d.ts
C:/Users/kumar/Downloads/florma-hero/florma/actors/florma-3d-audit/node_modules/@crawlee/cor
e/serialization.d.ts
C:/Users/kumar/Downloads/florma-hero/florma/actors/florma-3d-audit/node_modules/@crawlee/cor
e/session_pool/errors.d.ts
C:/Users/kumar/Downloads/florma-hero/florma/actors/florma-3d-audit/node_modules/@crawlee/cor
e/session_pool/events.d.ts
C:/Users/kumar/Downloads/florma-hero/florma/actors/florma-3d-audit/node_modules/@crawlee/cor
e/session_pool/consts.d.ts
C:/Users/kumar/Downloads/florma-hero/florma/actors/florma-3d-audit/node_modules/@crawlee/cor
e/session_pool/index.d.ts
C:/Users/kumar/Downloads/florma-hero/florma/actors/florma-3d-audit/node_modules/@crawlee/cor
e/validators.d.ts
C:/Users/kumar/Downloads/florma-hero/florma/actors/florma-3d-audit/node_modules/@crawlee/cor
e/recoverable_state.d.ts
C:/Users/kumar/Downloads/florma-hero/florma/actors/florma-3d-audit/node_modules/@apify/pseud
o_url/esm/index.d.mts
C:/Users/kumar/Downloads/florma-hero/florma/actors/florma-3d-audit/node_modules/@crawlee/cor
e/index.d.ts
C:/Users/kumar/Downloads/florma-hero/florma/actors/florma-3d-audit/node_modules/axios/index.
d.ts
C:/Users/kumar/Downloads/florma-hero/florma/actors/florma-3d-audit/node_modules/apify-client
/dist/interceptors.d.ts
C:/Users/kumar/Downloads/florma-hero/florma/actors/florma-3d-audit/node_modules/apify-client
/dist/statistics.d.ts
C:/Users/kumar/Downloads/florma-hero/florma/actors/florma-3d-audit/node_modules/apify-client
/dist/http_client.d.ts
C:/Users/kumar/Downloads/florma-hero/florma/actors/florma-3d-audit/node_modules/@apify/const
s/esm/index.d.mts
C:/Users/kumar/Downloads/florma-hero/florma/actors/florma-3d-audit/node_modules/apify-client
/dist/apify_api_error.d.ts
C:/Users/kumar/Downloads/florma-hero/florma/actors/florma-3d-audit/node_modules/apify-client
/dist/base/resource_client.d.ts
C:/Users/kumar/Downloads/florma-hero/florma/actors/florma-3d-audit/node_modules/apify-client
/dist/resource_clients/request_queue.d.ts
C:/Users/kumar/Downloads/florma-hero/florma/actors/florma-3d-audit/node_modules/apify-client
/dist/resource_clients/webhook_dispatch.d.ts
C:/Users/kumar/Downloads/florma-hero/florma/actors/florma-3d-audit/node_modules/apify-client
/dist/base/resource_collection_client.d.ts
C:/Users/kumar/Downloads/florma-hero/florma/actors/florma-3d-audit/node_modules/apify-client
/dist/resource_clients/webhook_dispatch_collection.d.ts
C:/Users/kumar/Downloads/florma-hero/florma/actors/florma-3d-audit/node_modules/apify-client
/dist/resource_clients/webhook.d.ts
C:/Users/kumar/Downloads/florma-hero/florma/actors/florma-3d-audit/node_modules/apify-client
/dist/utils.d.ts
C:/Users/kumar/Downloads/florma-hero/florma/actors/florma-3d-audit/node_modules/apify-client
/dist/base/api_client.d.ts
C:/Users/kumar/Downloads/florma-hero/florma/actors/florma-3d-audit/node_modules/apify-client
/dist/resource_clients/actor_env_var.d.ts
C:/Users/kumar/Downloads/florma-hero/florma/actors/florma-3d-audit/node_modules/apify-client
/dist/resource_clients/actor_env_var_collection.d.ts
C:/Users/kumar/Downloads/florma-hero/florma/actors/florma-3d-audit/node_modules/apify-client
/dist/resource_clients/actor_version.d.ts
C:/Users/kumar/Downloads/florma-hero/florma/actors/florma-3d-audit/node_modules/apify-client
/dist/resource_clients/actor_version_collection.d.ts
C:/Users/kumar/Downloads/florma-hero/florma/actors/florma-3d-audit/node_modules/apify-client
/dist/resource_clients/log.d.ts
C:/Users/kumar/Downloads/florma-hero/florma/actors/florma-3d-audit/node_modules/apify-client
/dist/resource_clients/build.d.ts
C:/Users/kumar/Downloads/florma-hero/florma/actors/florma-3d-audit/node_modules/apify-client
/dist/resource_clients/build_collection.d.ts
C:/Users/kumar/Downloads/florma-hero/florma/actors/florma-3d-audit/node_modules/apify-client
/dist/resource_clients/dataset.d.ts
C:/Users/kumar/Downloads/florma-hero/florma/actors/florma-3d-audit/node_modules/apify-client
/dist/resource_clients/key_value_store.d.ts
C:/Users/kumar/Downloads/florma-hero/florma/actors/florma-3d-audit/node_modules/apify-client
/dist/resource_clients/run.d.ts
C:/Users/kumar/Downloads/florma-hero/florma/actors/florma-3d-audit/node_modules/apify-client
/dist/resource_clients/run_collection.d.ts
C:/Users/kumar/Downloads/florma-hero/florma/actors/florma-3d-audit/node_modules/apify-client
/dist/resource_clients/webhook_collection.d.ts
C:/Users/kumar/Downloads/florma-hero/florma/actors/florma-3d-audit/node_modules/apify-client
/dist/resource_clients/actor.d.ts
C:/Users/kumar/Downloads/florma-hero/florma/actors/florma-3d-audit/node_modules/apify-client
/dist/resource_clients/actor_collection.d.ts
C:/Users/kumar/Downloads/florma-hero/florma/actors/florma-3d-audit/node_modules/apify-client
/dist/resource_clients/dataset_collection.d.ts
C:/Users/kumar/Downloads/florma-hero/florma/actors/florma-3d-audit/node_modules/apify-client
/dist/resource_clients/key_value_store_collection.d.ts
C:/Users/kumar/Downloads/florma-hero/florma/actors/florma-3d-audit/node_modules/apify-client
/dist/resource_clients/request_queue_collection.d.ts
C:/Users/kumar/Downloads/florma-hero/florma/actors/florma-3d-audit/node_modules/apify-client
/dist/timezones.d.ts
C:/Users/kumar/Downloads/florma-hero/florma/actors/florma-3d-audit/node_modules/apify-client
/dist/resource_clients/schedule.d.ts
C:/Users/kumar/Downloads/florma-hero/florma/actors/florma-3d-audit/node_modules/apify-client
/dist/resource_clients/schedule_collection.d.ts
C:/Users/kumar/Downloads/florma-hero/florma/actors/florma-3d-audit/node_modules/apify-client
/dist/resource_clients/store_collection.d.ts
C:/Users/kumar/Downloads/florma-hero/florma/actors/florma-3d-audit/node_modules/apify-client
/dist/resource_clients/task.d.ts
C:/Users/kumar/Downloads/florma-hero/florma/actors/florma-3d-audit/node_modules/apify-client
/dist/resource_clients/task_collection.d.ts
C:/Users/kumar/Downloads/florma-hero/florma/actors/florma-3d-audit/node_modules/apify-client
/dist/resource_clients/user.d.ts
C:/Users/kumar/Downloads/florma-hero/florma/actors/florma-3d-audit/node_modules/apify-client
/dist/apify_client.d.ts
C:/Users/kumar/Downloads/florma-hero/florma/actors/florma-3d-audit/node_modules/apify-client
/dist/index.d.ts
C:/Users/kumar/Downloads/florma-hero/florma/actors/florma-3d-audit/node_modules/apify/dist/c
onfiguration.d.ts
C:/Users/kumar/Downloads/florma-hero/florma/actors/florma-3d-audit/node_modules/apify/dist/c
harging.d.ts
C:/Users/kumar/Downloads/florma-hero/florma/actors/florma-3d-audit/node_modules/apify/dist/k
ey_value_store.d.ts
C:/Users/kumar/Downloads/florma-hero/florma/actors/florma-3d-audit/node_modules/apify/dist/p
roxy_configuration.d.ts
C:/Users/kumar/Downloads/florma-hero/florma/actors/florma-3d-audit/node_modules/apify/dist/s
torage.d.ts
C:/Users/kumar/Downloads/florma-hero/florma/actors/florma-3d-audit/node_modules/apify/dist/a
ctor.d.ts
C:/Users/kumar/Downloads/florma-hero/florma/actors/florma-3d-audit/node_modules/apify/dist/p
latform_event_manager.d.ts
C:/Users/kumar/Downloads/florma-hero/florma/actors/florma-3d-audit/node_modules/apify/dist/i
ndex.d.ts
C:/Users/kumar/Downloads/florma-hero/florma/actors/florma-3d-audit/src/telemetry.ts
C:/Users/kumar/Downloads/florma-hero/florma/actors/florma-3d-audit/src/format.ts
C:/Users/kumar/Downloads/florma-hero/florma/actors/florma-3d-audit/src/types.ts
C:/Users/kumar/Downloads/florma-hero/florma/actors/florma-3d-audit/src/audit.ts
C:/Users/kumar/Downloads/florma-hero/florma/actors/florma-3d-audit/src/browser.ts
C:/Users/kumar/Downloads/florma-hero/florma/actors/florma-3d-audit/node_modules/@modelcontex
tprotocol/sdk/dist/esm/server/zod-compat.d.ts
C:/Users/kumar/Downloads/florma-hero/florma/actors/florma-3d-audit/node_modules/zod/v4/class
ic/index.d.cts
C:/Users/kumar/Downloads/florma-hero/florma/actors/florma-3d-audit/node_modules/zod/v4/index
.d.cts
C:/Users/kumar/Downloads/florma-hero/florma/actors/florma-3d-audit/node_modules/@modelcontex
tprotocol/sdk/dist/esm/server/auth/types.d.ts
C:/Users/kumar/Downloads/florma-hero/florma/actors/florma-3d-audit/node_modules/@modelcontex
tprotocol/sdk/dist/esm/types.d.ts
C:/Users/kumar/Downloads/florma-hero/florma/actors/florma-3d-audit/node_modules/@modelcontex
tprotocol/sdk/dist/esm/shared/transport.d.ts
C:/Users/kumar/Downloads/florma-hero/florma/actors/florma-3d-audit/node_modules/@modelcontex
tprotocol/sdk/dist/esm/experimental/tasks/types.d.ts
C:/Users/kumar/Downloads/florma-hero/florma/actors/florma-3d-audit/node_modules/@modelcontex
tprotocol/sdk/dist/esm/experimental/tasks/interfaces.d.ts
C:/Users/kumar/Downloads/florma-hero/florma/actors/florma-3d-audit/node_modules/@modelcontex
tprotocol/sdk/dist/esm/shared/responseMessage.d.ts
C:/Users/kumar/Downloads/florma-hero/florma/actors/florma-3d-audit/node_modules/@modelcontex
tprotocol/sdk/dist/esm/shared/protocol.d.ts
C:/Users/kumar/Downloads/florma-hero/florma/actors/florma-3d-audit/node_modules/json-schema-
typed/draft_2020_12.d.ts
C:/Users/kumar/Downloads/florma-hero/florma/actors/florma-3d-audit/node_modules/@modelcontex
tprotocol/sdk/dist/esm/validation/types.d.ts
C:/Users/kumar/Downloads/florma-hero/florma/actors/florma-3d-audit/node_modules/@modelcontex
tprotocol/sdk/dist/esm/experimental/tasks/client.d.ts
C:/Users/kumar/Downloads/florma-hero/florma/actors/florma-3d-audit/node_modules/@modelcontex
tprotocol/sdk/dist/esm/client/index.d.ts
C:/Users/kumar/Downloads/florma-hero/florma/actors/florma-3d-audit/node_modules/@modelcontex
tprotocol/sdk/dist/esm/shared/auth.d.ts
C:/Users/kumar/Downloads/florma-hero/florma/actors/florma-3d-audit/node_modules/@modelcontex
tprotocol/sdk/dist/esm/server/auth/errors.d.ts
C:/Users/kumar/Downloads/florma-hero/florma/actors/florma-3d-audit/node_modules/@modelcontex
tprotocol/sdk/dist/esm/client/auth.d.ts
C:/Users/kumar/Downloads/florma-hero/florma/actors/florma-3d-audit/node_modules/@modelcontex
tprotocol/sdk/dist/esm/client/streamableHttp.d.ts
C:/Users/kumar/Downloads/florma-hero/florma/actors/florma-3d-audit/src/deliver.ts
C:/Users/kumar/Downloads/florma-hero/florma/actors/florma-3d-audit/src/report.ts
C:/Users/kumar/Downloads/florma-hero/florma/actors/florma-3d-audit/src/main.ts


